// Jest Snapshot v1, https://goo.gl/fbAQLP

exports[`Render right Login. 1`] = `
<div
  className="container"
>
  <div
    className="form"
  >
    <div
      className="title"
    >
      AppInsights
    </div>
    <WithStyles(ForwardRef(TextField))
      autoFocus={true}
      className="email"
      fullWidth={true}
      id="email"
      margin="normal"
      onChange={[Function]}
      placeholder="Email"
      size="small"
      value=""
      variant="outlined"
    />
    <WithStyles(ForwardRef(TextField))
      className="password"
      fullWidth={true}
      id="password"
      margin="normal"
      onChange={[Function]}
      placeholder="Password"
      size="small"
      type="password"
      value=""
      variant="outlined"
    />
    <WithStyles(ForwardRef(Button))
      className="submit"
      color="primary"
      disabled={false}
      fullWidth={true}
      onClick={[Function]}
      type="submit"
      variant="contained"
    >
      LOG IN
    </WithStyles(ForwardRef(Button))>
    <div
      className="tools"
    >
      <WithStyles(ForwardRef(FormControlLabel))
        className="remember-me"
        control={
          <ForwardRef(WithStyles)
            color="primary"
            value="remember"
          />
        }
        label="Remember me"
      />
      <WithStyles(ForwardRef(Link))
        className="forgot"
      >
        Forgot password?
      </WithStyles(ForwardRef(Link))>
    </div>
  </div>
</div>
`;
